{
    "-profile test": {
        "content": [
            34,
            {
                "BCFTOOLS_QUERY": {
                    "bcftools": 1.22
                },
                "BCFTOOLS_ROH": {
                    "bcftools": 1.22
                },
                "BCFTOOLS_ROHVIZ": {
                    "bcftools": 1.23,
                    "less": "692 (PCRE2 regular expressions)"
                },
                "BCFTOOLS_STATS": {
                    "bcftools": 1.22
                },
                "BGZIPTABIX_AF": {
                    "bgzip": 1.21,
                    "tabix": 1.21
                },
                "BGZIPTABIX_AF_FILE": {
                    "bgzip": 1.21,
                    "tabix": 1.21
                },
                "BGZIPTABIX_PI": {
                    "bgzip": 1.21,
                    "tabix": 1.21
                },
                "BGZIPTABIX_SD": {
                    "bgzip": 1.21,
                    "tabix": 1.21
                },
                "PIGZ": {
                    "pigz": 2.8
                },
                "PLOTVCFSTATS": {
                    "bcftools": 1.22
                },
                "TABIX": {
                    "tabix": 1.21
                },
                "TAR": {
                    "tar": 1.34
                },
                "VCFTOOLS_ALLELE_FREQUENCY": {
                    "vcftools": "0.1.16"
                },
                "VCFTOOLS_HET": {
                    "vcftools": "0.1.16"
                },
                "VCFTOOLS_INDEL_LENGTH": {
                    "vcftools": "0.1.16"
                },
                "VCFTOOLS_SITE_PI": {
                    "vcftools": "0.1.16"
                },
                "VCFTOOLS_SNP_DENSITY": {
                    "vcftools": "0.1.16"
                },
                "Workflow": {
                    "sanger-tol/variantcomposition": "v0.2.0"
                }
            },
            [
                "GCA_947369205.1_OX376310.1_CANBKR010000003.1.pacbio.icCanRufa1_deepvariant.g.vcf.bcftools_stats.txt.gz",
                "GCA_947369205.1_OX376310.1_CANBKR010000003.1.pacbio.icCanRufa1_deepvariant.g.vcf.frq.gz",
                "GCA_947369205.1_OX376310.1_CANBKR010000003.1.pacbio.icCanRufa1_deepvariant.g.vcf.frq.gz.csi",
                "GCA_947369205.1_OX376310.1_CANBKR010000003.1.pacbio.icCanRufa1_deepvariant.g.vcf.frq.gz.gzi",
                "GCA_947369205.1_OX376310.1_CANBKR010000003.1.pacbio.icCanRufa1_deepvariant.g.vcf.frq.gz.tbi",
                "GCA_947369205.1_OX376310.1_CANBKR010000003.1.pacbio.icCanRufa1_deepvariant.g.vcf.gz.tbi",
                "GCA_947369205.1_OX376310.1_CANBKR010000003.1.pacbio.icCanRufa1_deepvariant.g.vcf.indel.hist",
                "GCA_947369205.1_OX376310.1_CANBKR010000003.1.pacbio.icCanRufa1_deepvariant.g.vcf.pi.gz",
                "GCA_947369205.1_OX376310.1_CANBKR010000003.1.pacbio.icCanRufa1_deepvariant.g.vcf.pi.gz.csi",
                "GCA_947369205.1_OX376310.1_CANBKR010000003.1.pacbio.icCanRufa1_deepvariant.g.vcf.pi.gz.gzi",
                "GCA_947369205.1_OX376310.1_CANBKR010000003.1.pacbio.icCanRufa1_deepvariant.g.vcf.pi.gz.tbi",
                "GCA_947369205.1_OX376310.1_CANBKR010000003.1.pacbio.icCanRufa1_deepvariant.g.vcf.plot-vcfstats.pdf",
                "GCA_947369205.1_OX376310.1_CANBKR010000003.1.pacbio.icCanRufa1_deepvariant.g.vcf.plot-vcfstats.tar.gz",
                "GCA_947369205.1_OX376310.1_CANBKR010000003.1.pacbio.icCanRufa1_deepvariant.g.vcf.roh",
                "GCA_947369205.1_OX376310.1_CANBKR010000003.1.pacbio.icCanRufa1_deepvariant.g.vcf.roh-viz.html",
                "GCA_947369205.1_OX376310.1_CANBKR010000003.1.pacbio.icCanRufa1_deepvariant.g.vcf.snpden",
                "GCA_947369205.1_OX376310.1_CANBKR010000003.1.pacbio.icCanRufa1_deepvariant.g.vcf.snpden.gz",
                "GCA_947369205.1_OX376310.1_CANBKR010000003.1.pacbio.icCanRufa1_deepvariant.g.vcf.snpden.gz.csi",
                "GCA_947369205.1_OX376310.1_CANBKR010000003.1.pacbio.icCanRufa1_deepvariant.g.vcf.snpden.gz.gzi",
                "GCA_947369205.1_OX376310.1_CANBKR010000003.1.pacbio.icCanRufa1_deepvariant.g.vcf.snpden.gz.tbi",
                "GCA_947369205.1_OX376310.1_CANBKR010000003.1.pacbio.icCanRufa1_deepvariant.vcf.bcftools_stats.txt.gz",
                "GCA_947369205.1_OX376310.1_CANBKR010000003.1.pacbio.icCanRufa1_deepvariant.vcf.frq.gz",
                "GCA_947369205.1_OX376310.1_CANBKR010000003.1.pacbio.icCanRufa1_deepvariant.vcf.frq.gz.csi",
                "GCA_947369205.1_OX376310.1_CANBKR010000003.1.pacbio.icCanRufa1_deepvariant.vcf.frq.gz.gzi",
                "GCA_947369205.1_OX376310.1_CANBKR010000003.1.pacbio.icCanRufa1_deepvariant.vcf.frq.gz.tbi",
                "GCA_947369205.1_OX376310.1_CANBKR010000003.1.pacbio.icCanRufa1_deepvariant.vcf.gz.tbi",
                "GCA_947369205.1_OX376310.1_CANBKR010000003.1.pacbio.icCanRufa1_deepvariant.vcf.het",
                "GCA_947369205.1_OX376310.1_CANBKR010000003.1.pacbio.icCanRufa1_deepvariant.vcf.indel.hist",
                "GCA_947369205.1_OX376310.1_CANBKR010000003.1.pacbio.icCanRufa1_deepvariant.vcf.pi.gz",
                "GCA_947369205.1_OX376310.1_CANBKR010000003.1.pacbio.icCanRufa1_deepvariant.vcf.pi.gz.csi",
                "GCA_947369205.1_OX376310.1_CANBKR010000003.1.pacbio.icCanRufa1_deepvariant.vcf.pi.gz.gzi",
                "GCA_947369205.1_OX376310.1_CANBKR010000003.1.pacbio.icCanRufa1_deepvariant.vcf.pi.gz.tbi",
                "GCA_947369205.1_OX376310.1_CANBKR010000003.1.pacbio.icCanRufa1_deepvariant.vcf.plot-vcfstats.pdf",
                "GCA_947369205.1_OX376310.1_CANBKR010000003.1.pacbio.icCanRufa1_deepvariant.vcf.plot-vcfstats.tar.gz",
                "GCA_947369205.1_OX376310.1_CANBKR010000003.1.pacbio.icCanRufa1_deepvariant.vcf.roh",
                "GCA_947369205.1_OX376310.1_CANBKR010000003.1.pacbio.icCanRufa1_deepvariant.vcf.roh-viz.html",
                "GCA_947369205.1_OX376310.1_CANBKR010000003.1.pacbio.icCanRufa1_deepvariant.vcf.snpden",
                "GCA_947369205.1_OX376310.1_CANBKR010000003.1.pacbio.icCanRufa1_deepvariant.vcf.snpden.gz",
                "GCA_947369205.1_OX376310.1_CANBKR010000003.1.pacbio.icCanRufa1_deepvariant.vcf.snpden.gz.csi",
                "GCA_947369205.1_OX376310.1_CANBKR010000003.1.pacbio.icCanRufa1_deepvariant.vcf.snpden.gz.gzi",
                "GCA_947369205.1_OX376310.1_CANBKR010000003.1.pacbio.icCanRufa1_deepvariant.vcf.snpden.gz.tbi",
                "multiqc_report.html",
                "pipeline_info",
                "pipeline_info/variantcomposition_software_mqc_versions.yml"
            ],
            [
                "GCA_947369205.1_OX376310.1_CANBKR010000003.1.pacbio.icCanRufa1_deepvariant.g.vcf.bcftools_stats.txt.gz:md5,5243242b2d7159d8fa40bb024e03b006",
                "GCA_947369205.1_OX376310.1_CANBKR010000003.1.pacbio.icCanRufa1_deepvariant.g.vcf.frq.gz:md5,06e7b4d696872ae1d09f11751cb69ce7",
                "GCA_947369205.1_OX376310.1_CANBKR010000003.1.pacbio.icCanRufa1_deepvariant.g.vcf.frq.gz.csi:md5,7ed5a83e398f4a3083286f6bb7cf87a8",
                "GCA_947369205.1_OX376310.1_CANBKR010000003.1.pacbio.icCanRufa1_deepvariant.g.vcf.frq.gz.gzi:md5,7dea362b3fac8e00956a4952a3d4f474",
                "GCA_947369205.1_OX376310.1_CANBKR010000003.1.pacbio.icCanRufa1_deepvariant.g.vcf.frq.gz.tbi:md5,f083f39ceeb801b95dc636610504d065",
                "GCA_947369205.1_OX376310.1_CANBKR010000003.1.pacbio.icCanRufa1_deepvariant.g.vcf.gz.tbi:md5,5a2bc05cea8838489bf6a3e48f61743e",
                "GCA_947369205.1_OX376310.1_CANBKR010000003.1.pacbio.icCanRufa1_deepvariant.g.vcf.indel.hist:md5,ac900c010dbb67012cd4371f1034ae44",
                "GCA_947369205.1_OX376310.1_CANBKR010000003.1.pacbio.icCanRufa1_deepvariant.g.vcf.pi.gz:md5,2c1cbd686e7b4d16b0e7a13414be65c2",
                "GCA_947369205.1_OX376310.1_CANBKR010000003.1.pacbio.icCanRufa1_deepvariant.g.vcf.pi.gz.csi:md5,ee8ecb02f11078d46789a72408585534",
                "GCA_947369205.1_OX376310.1_CANBKR010000003.1.pacbio.icCanRufa1_deepvariant.g.vcf.pi.gz.gzi:md5,7dea362b3fac8e00956a4952a3d4f474",
                "GCA_947369205.1_OX376310.1_CANBKR010000003.1.pacbio.icCanRufa1_deepvariant.g.vcf.pi.gz.tbi:md5,af2a8f399d4d2e1b2290a465a74a34b3",
                "GCA_947369205.1_OX376310.1_CANBKR010000003.1.pacbio.icCanRufa1_deepvariant.g.vcf.roh:md5,d995c52bd453e47e7a9ffa9b68b4c7e0",
                "GCA_947369205.1_OX376310.1_CANBKR010000003.1.pacbio.icCanRufa1_deepvariant.g.vcf.snpden:md5,3747d7f82078c04707c4bedba39e5e8d",
                "GCA_947369205.1_OX376310.1_CANBKR010000003.1.pacbio.icCanRufa1_deepvariant.g.vcf.snpden.gz:md5,3747d7f82078c04707c4bedba39e5e8d",
                "GCA_947369205.1_OX376310.1_CANBKR010000003.1.pacbio.icCanRufa1_deepvariant.g.vcf.snpden.gz.csi:md5,8c7374c1bd8c7e71be0029a0b049f6ed",
                "GCA_947369205.1_OX376310.1_CANBKR010000003.1.pacbio.icCanRufa1_deepvariant.g.vcf.snpden.gz.gzi:md5,7dea362b3fac8e00956a4952a3d4f474",
                "GCA_947369205.1_OX376310.1_CANBKR010000003.1.pacbio.icCanRufa1_deepvariant.g.vcf.snpden.gz.tbi:md5,fc8d71cd6c9dba9ce19fc5beee8ff2ba",
                "GCA_947369205.1_OX376310.1_CANBKR010000003.1.pacbio.icCanRufa1_deepvariant.vcf.bcftools_stats.txt.gz:md5,571cf718718e32cb82e1d9966f35f02e",
                "GCA_947369205.1_OX376310.1_CANBKR010000003.1.pacbio.icCanRufa1_deepvariant.vcf.frq.gz:md5,c5998e8baabe8f52e88de7530840000e",
                "GCA_947369205.1_OX376310.1_CANBKR010000003.1.pacbio.icCanRufa1_deepvariant.vcf.frq.gz.csi:md5,2aacb41c0d8c64343265decad9091b6b",
                "GCA_947369205.1_OX376310.1_CANBKR010000003.1.pacbio.icCanRufa1_deepvariant.vcf.frq.gz.gzi:md5,7dea362b3fac8e00956a4952a3d4f474",
                "GCA_947369205.1_OX376310.1_CANBKR010000003.1.pacbio.icCanRufa1_deepvariant.vcf.frq.gz.tbi:md5,1cd9a36e11b86c9bde70b5e08160222f",
                "GCA_947369205.1_OX376310.1_CANBKR010000003.1.pacbio.icCanRufa1_deepvariant.vcf.gz.tbi:md5,761bad063c8af6ff6a2734982445915a",
                "GCA_947369205.1_OX376310.1_CANBKR010000003.1.pacbio.icCanRufa1_deepvariant.vcf.het:md5,50f65e1312a20e3549d15ad324764998",
                "GCA_947369205.1_OX376310.1_CANBKR010000003.1.pacbio.icCanRufa1_deepvariant.vcf.indel.hist:md5,91658038280c1c92cefa00a3d7b3f357",
                "GCA_947369205.1_OX376310.1_CANBKR010000003.1.pacbio.icCanRufa1_deepvariant.vcf.pi.gz:md5,9c35407165ea33601a554eaa7005d26b",
                "GCA_947369205.1_OX376310.1_CANBKR010000003.1.pacbio.icCanRufa1_deepvariant.vcf.pi.gz.csi:md5,7c7ded3c88fbdbe81083adbd90bfffa9",
                "GCA_947369205.1_OX376310.1_CANBKR010000003.1.pacbio.icCanRufa1_deepvariant.vcf.pi.gz.gzi:md5,7dea362b3fac8e00956a4952a3d4f474",
                "GCA_947369205.1_OX376310.1_CANBKR010000003.1.pacbio.icCanRufa1_deepvariant.vcf.pi.gz.tbi:md5,d16324760872b1265693ade34954c2b3",
                "GCA_947369205.1_OX376310.1_CANBKR010000003.1.pacbio.icCanRufa1_deepvariant.vcf.roh:md5,8350ac7a4323a3c8caca79d8287f4345",
                "GCA_947369205.1_OX376310.1_CANBKR010000003.1.pacbio.icCanRufa1_deepvariant.vcf.snpden:md5,8b9a5eaba3e0965b04b2db2c7f0674ed",
                "GCA_947369205.1_OX376310.1_CANBKR010000003.1.pacbio.icCanRufa1_deepvariant.vcf.snpden.gz:md5,8b9a5eaba3e0965b04b2db2c7f0674ed",
                "GCA_947369205.1_OX376310.1_CANBKR010000003.1.pacbio.icCanRufa1_deepvariant.vcf.snpden.gz.csi:md5,cca6cd126fe15787778de37e488826ec",
                "GCA_947369205.1_OX376310.1_CANBKR010000003.1.pacbio.icCanRufa1_deepvariant.vcf.snpden.gz.gzi:md5,7dea362b3fac8e00956a4952a3d4f474",
                "GCA_947369205.1_OX376310.1_CANBKR010000003.1.pacbio.icCanRufa1_deepvariant.vcf.snpden.gz.tbi:md5,d0621622c98eec32b13cfbc012b75f78"
            ]
        ],
        "timestamp": "2026-04-25T21:39:01.699245979",
        "meta": {
            "nf-test": "0.9.4",
            "nextflow": "25.10.4"
        }
    }
}