{
    "-profile test": {
        "content": [
            34,
            {
                "BCFTOOLS_QUERY": {
                    "bcftools": 1.22
                },
                "BCFTOOLS_ROH": {
                    "bcftools": 1.22
                },
                "BCFTOOLS_ROHVIZ": {
                    "bcftools": 1.23,
                    "less": "692 (PCRE2 regular expressions)"
                },
                "BCFTOOLS_STATS": {
                    "bcftools": 1.22
                },
                "BGZIP": {
                    "tabix": 1.21
                },
                "BGZIPTABIX": {
                    "bgzip": 1.21,
                    "tabix": 1.21
                },
                "BGZIPTABIX_AF_FILE": {
                    "bgzip": 1.21,
                    "tabix": 1.21
                },
                "PIGZ": {
                    "pigz": 2.8
                },
                "PLOTVCFSTATS": {
                    "bcftools": 1.22
                },
                "TABIX": {
                    "tabix": 1.21
                },
                "TABIX_PI": {
                    "tabix": 1.21
                },
                "TAR": {
                    "tar": 1.34
                },
                "VCFTOOLS_ALLELE_FREQUENCY": {
                    "vcftools": "0.1.16"
                },
                "VCFTOOLS_HET": {
                    "vcftools": "0.1.16"
                },
                "VCFTOOLS_INDEL_LENGTH": {
                    "vcftools": "0.1.16"
                },
                "VCFTOOLS_SITE_PI": {
                    "vcftools": "0.1.16"
                },
                "VCFTOOLS_SNP_DENSITY": {
                    "vcftools": "0.1.16"
                },
                "Workflow": {
                    "sanger-tol/variantcomposition": "v0.2.0"
                }
            },
            [
                "GCA_947369205.1_OX376310.1_CANBKR010000003.1.pacbio.icCanRufa1_deepvariant.g.vcf.bcftools_stats.txt.gz",
                "GCA_947369205.1_OX376310.1_CANBKR010000003.1.pacbio.icCanRufa1_deepvariant.g.vcf.frq.gz",
                "GCA_947369205.1_OX376310.1_CANBKR010000003.1.pacbio.icCanRufa1_deepvariant.g.vcf.frq.gz.csi",
                "GCA_947369205.1_OX376310.1_CANBKR010000003.1.pacbio.icCanRufa1_deepvariant.g.vcf.frq.gz.gzi",
                "GCA_947369205.1_OX376310.1_CANBKR010000003.1.pacbio.icCanRufa1_deepvariant.g.vcf.frq.gz.tbi",
                "GCA_947369205.1_OX376310.1_CANBKR010000003.1.pacbio.icCanRufa1_deepvariant.g.vcf.gz.tbi",
                "GCA_947369205.1_OX376310.1_CANBKR010000003.1.pacbio.icCanRufa1_deepvariant.g.vcf.indel.hist",
                "GCA_947369205.1_OX376310.1_CANBKR010000003.1.pacbio.icCanRufa1_deepvariant.g.vcf.plot-vcfstats.pdf",
                "GCA_947369205.1_OX376310.1_CANBKR010000003.1.pacbio.icCanRufa1_deepvariant.g.vcf.plot-vcfstats.tar.gz",
                "GCA_947369205.1_OX376310.1_CANBKR010000003.1.pacbio.icCanRufa1_deepvariant.g.vcf.roh",
                "GCA_947369205.1_OX376310.1_CANBKR010000003.1.pacbio.icCanRufa1_deepvariant.g.vcf.roh-viz.html",
                "GCA_947369205.1_OX376310.1_CANBKR010000003.1.pacbio.icCanRufa1_deepvariant.g.vcf.sites.pi.gz",
                "GCA_947369205.1_OX376310.1_CANBKR010000003.1.pacbio.icCanRufa1_deepvariant.g.vcf.sites.pi.gz.tbi",
                "GCA_947369205.1_OX376310.1_CANBKR010000003.1.pacbio.icCanRufa1_deepvariant.g.vcf.snpden",
                "GCA_947369205.1_OX376310.1_CANBKR010000003.1.pacbio.icCanRufa1_deepvariant.vcf.bcftools_stats.txt.gz",
                "GCA_947369205.1_OX376310.1_CANBKR010000003.1.pacbio.icCanRufa1_deepvariant.vcf.frq.gz",
                "GCA_947369205.1_OX376310.1_CANBKR010000003.1.pacbio.icCanRufa1_deepvariant.vcf.frq.gz.csi",
                "GCA_947369205.1_OX376310.1_CANBKR010000003.1.pacbio.icCanRufa1_deepvariant.vcf.frq.gz.gzi",
                "GCA_947369205.1_OX376310.1_CANBKR010000003.1.pacbio.icCanRufa1_deepvariant.vcf.frq.gz.tbi",
                "GCA_947369205.1_OX376310.1_CANBKR010000003.1.pacbio.icCanRufa1_deepvariant.vcf.gz.tbi",
                "GCA_947369205.1_OX376310.1_CANBKR010000003.1.pacbio.icCanRufa1_deepvariant.vcf.het",
                "GCA_947369205.1_OX376310.1_CANBKR010000003.1.pacbio.icCanRufa1_deepvariant.vcf.indel.hist",
                "GCA_947369205.1_OX376310.1_CANBKR010000003.1.pacbio.icCanRufa1_deepvariant.vcf.plot-vcfstats.pdf",
                "GCA_947369205.1_OX376310.1_CANBKR010000003.1.pacbio.icCanRufa1_deepvariant.vcf.plot-vcfstats.tar.gz",
                "GCA_947369205.1_OX376310.1_CANBKR010000003.1.pacbio.icCanRufa1_deepvariant.vcf.roh",
                "GCA_947369205.1_OX376310.1_CANBKR010000003.1.pacbio.icCanRufa1_deepvariant.vcf.roh-viz.html",
                "GCA_947369205.1_OX376310.1_CANBKR010000003.1.pacbio.icCanRufa1_deepvariant.vcf.sites.pi.gz",
                "GCA_947369205.1_OX376310.1_CANBKR010000003.1.pacbio.icCanRufa1_deepvariant.vcf.sites.pi.gz.tbi",
                "GCA_947369205.1_OX376310.1_CANBKR010000003.1.pacbio.icCanRufa1_deepvariant.vcf.snpden",
                "multiqc",
                "multiqc/multiqc_data",
                "multiqc/multiqc_data/bcftools-stats-subtypes.txt",
                "multiqc/multiqc_data/bcftools_stats_indel-lengths.txt",
                "multiqc/multiqc_data/bcftools_stats_vqc_Count_Indels.txt",
                "multiqc/multiqc_data/bcftools_stats_vqc_Count_SNP.txt",
                "multiqc/multiqc_data/bcftools_stats_vqc_Count_Transitions.txt",
                "multiqc/multiqc_data/bcftools_stats_vqc_Count_Transversions.txt",
                "multiqc/multiqc_data/llms-full.txt",
                "multiqc/multiqc_data/multiqc.log",
                "multiqc/multiqc_data/multiqc.parquet",
                "multiqc/multiqc_data/multiqc_bcftools_stats.txt",
                "multiqc/multiqc_data/multiqc_citations.txt",
                "multiqc/multiqc_data/multiqc_data.json",
                "multiqc/multiqc_data/multiqc_general_stats.txt",
                "multiqc/multiqc_data/multiqc_software_versions.txt",
                "multiqc/multiqc_data/multiqc_sources.txt",
                "multiqc/multiqc_plots",
                "multiqc/multiqc_plots/pdf",
                "multiqc/multiqc_plots/pdf/bcftools-stats-subtypes-cnt.pdf",
                "multiqc/multiqc_plots/pdf/bcftools-stats-subtypes-pct.pdf",
                "multiqc/multiqc_plots/pdf/bcftools_stats_indel-lengths-cnt.pdf",
                "multiqc/multiqc_plots/pdf/bcftools_stats_indel-lengths-log.pdf",
                "multiqc/multiqc_plots/pdf/bcftools_stats_vqc_Count_Indels.pdf",
                "multiqc/multiqc_plots/pdf/bcftools_stats_vqc_Count_SNP.pdf",
                "multiqc/multiqc_plots/pdf/bcftools_stats_vqc_Count_Transitions.pdf",
                "multiqc/multiqc_plots/pdf/bcftools_stats_vqc_Count_Transversions.pdf",
                "multiqc/multiqc_plots/png",
                "multiqc/multiqc_plots/png/bcftools-stats-subtypes-cnt.png",
                "multiqc/multiqc_plots/png/bcftools-stats-subtypes-pct.png",
                "multiqc/multiqc_plots/png/bcftools_stats_indel-lengths-cnt.png",
                "multiqc/multiqc_plots/png/bcftools_stats_indel-lengths-log.png",
                "multiqc/multiqc_plots/png/bcftools_stats_vqc_Count_Indels.png",
                "multiqc/multiqc_plots/png/bcftools_stats_vqc_Count_SNP.png",
                "multiqc/multiqc_plots/png/bcftools_stats_vqc_Count_Transitions.png",
                "multiqc/multiqc_plots/png/bcftools_stats_vqc_Count_Transversions.png",
                "multiqc/multiqc_plots/svg",
                "multiqc/multiqc_plots/svg/bcftools-stats-subtypes-cnt.svg",
                "multiqc/multiqc_plots/svg/bcftools-stats-subtypes-pct.svg",
                "multiqc/multiqc_plots/svg/bcftools_stats_indel-lengths-cnt.svg",
                "multiqc/multiqc_plots/svg/bcftools_stats_indel-lengths-log.svg",
                "multiqc/multiqc_plots/svg/bcftools_stats_vqc_Count_Indels.svg",
                "multiqc/multiqc_plots/svg/bcftools_stats_vqc_Count_SNP.svg",
                "multiqc/multiqc_plots/svg/bcftools_stats_vqc_Count_Transitions.svg",
                "multiqc/multiqc_plots/svg/bcftools_stats_vqc_Count_Transversions.svg",
                "multiqc/multiqc_report.html",
                "pipeline_info",
                "pipeline_info/variantcomposition_software_mqc_versions.yml"
            ],
            [
                "GCA_947369205.1_OX376310.1_CANBKR010000003.1.pacbio.icCanRufa1_deepvariant.g.vcf.bcftools_stats.txt.gz:md5,5243242b2d7159d8fa40bb024e03b006",
                "GCA_947369205.1_OX376310.1_CANBKR010000003.1.pacbio.icCanRufa1_deepvariant.g.vcf.frq.gz:md5,06e7b4d696872ae1d09f11751cb69ce7",
                "GCA_947369205.1_OX376310.1_CANBKR010000003.1.pacbio.icCanRufa1_deepvariant.g.vcf.frq.gz.csi:md5,7ed5a83e398f4a3083286f6bb7cf87a8",
                "GCA_947369205.1_OX376310.1_CANBKR010000003.1.pacbio.icCanRufa1_deepvariant.g.vcf.frq.gz.gzi:md5,7dea362b3fac8e00956a4952a3d4f474",
                "GCA_947369205.1_OX376310.1_CANBKR010000003.1.pacbio.icCanRufa1_deepvariant.g.vcf.frq.gz.tbi:md5,f083f39ceeb801b95dc636610504d065",
                "GCA_947369205.1_OX376310.1_CANBKR010000003.1.pacbio.icCanRufa1_deepvariant.g.vcf.gz.tbi:md5,5a2bc05cea8838489bf6a3e48f61743e",
                "GCA_947369205.1_OX376310.1_CANBKR010000003.1.pacbio.icCanRufa1_deepvariant.g.vcf.indel.hist:md5,ac900c010dbb67012cd4371f1034ae44",
                "GCA_947369205.1_OX376310.1_CANBKR010000003.1.pacbio.icCanRufa1_deepvariant.g.vcf.roh:md5,d995c52bd453e47e7a9ffa9b68b4c7e0",
                "GCA_947369205.1_OX376310.1_CANBKR010000003.1.pacbio.icCanRufa1_deepvariant.g.vcf.sites.pi.gz:md5,2c1cbd686e7b4d16b0e7a13414be65c2",
                "GCA_947369205.1_OX376310.1_CANBKR010000003.1.pacbio.icCanRufa1_deepvariant.g.vcf.sites.pi.gz.tbi:md5,af2a8f399d4d2e1b2290a465a74a34b3",
                "GCA_947369205.1_OX376310.1_CANBKR010000003.1.pacbio.icCanRufa1_deepvariant.g.vcf.snpden:md5,3747d7f82078c04707c4bedba39e5e8d",
                "GCA_947369205.1_OX376310.1_CANBKR010000003.1.pacbio.icCanRufa1_deepvariant.vcf.bcftools_stats.txt.gz:md5,571cf718718e32cb82e1d9966f35f02e",
                "GCA_947369205.1_OX376310.1_CANBKR010000003.1.pacbio.icCanRufa1_deepvariant.vcf.frq.gz:md5,c5998e8baabe8f52e88de7530840000e",
                "GCA_947369205.1_OX376310.1_CANBKR010000003.1.pacbio.icCanRufa1_deepvariant.vcf.frq.gz.csi:md5,2aacb41c0d8c64343265decad9091b6b",
                "GCA_947369205.1_OX376310.1_CANBKR010000003.1.pacbio.icCanRufa1_deepvariant.vcf.frq.gz.gzi:md5,7dea362b3fac8e00956a4952a3d4f474",
                "GCA_947369205.1_OX376310.1_CANBKR010000003.1.pacbio.icCanRufa1_deepvariant.vcf.frq.gz.tbi:md5,1cd9a36e11b86c9bde70b5e08160222f",
                "GCA_947369205.1_OX376310.1_CANBKR010000003.1.pacbio.icCanRufa1_deepvariant.vcf.gz.tbi:md5,761bad063c8af6ff6a2734982445915a",
                "GCA_947369205.1_OX376310.1_CANBKR010000003.1.pacbio.icCanRufa1_deepvariant.vcf.het:md5,50f65e1312a20e3549d15ad324764998",
                "GCA_947369205.1_OX376310.1_CANBKR010000003.1.pacbio.icCanRufa1_deepvariant.vcf.indel.hist:md5,91658038280c1c92cefa00a3d7b3f357",
                "GCA_947369205.1_OX376310.1_CANBKR010000003.1.pacbio.icCanRufa1_deepvariant.vcf.roh:md5,8350ac7a4323a3c8caca79d8287f4345",
                "GCA_947369205.1_OX376310.1_CANBKR010000003.1.pacbio.icCanRufa1_deepvariant.vcf.sites.pi.gz:md5,9c35407165ea33601a554eaa7005d26b",
                "GCA_947369205.1_OX376310.1_CANBKR010000003.1.pacbio.icCanRufa1_deepvariant.vcf.sites.pi.gz.tbi:md5,d16324760872b1265693ade34954c2b3",
                "GCA_947369205.1_OX376310.1_CANBKR010000003.1.pacbio.icCanRufa1_deepvariant.vcf.snpden:md5,8b9a5eaba3e0965b04b2db2c7f0674ed",
                "bcftools-stats-subtypes.txt:md5,0a312b5f0feedbf6cafc6a9d068a36ff",
                "bcftools_stats_indel-lengths.txt:md5,4c0cd8647752164871de93b1df70d6c5",
                "bcftools_stats_vqc_Count_Indels.txt:md5,55ba9379212998feaf55088e39b336dc",
                "bcftools_stats_vqc_Count_SNP.txt:md5,87987f6a4348894a6d7eca0cd8227b40",
                "bcftools_stats_vqc_Count_Transitions.txt:md5,87987f6a4348894a6d7eca0cd8227b40",
                "bcftools_stats_vqc_Count_Transversions.txt:md5,1b88de05078328bc8a48db8212c780f7",
                "multiqc_bcftools_stats.txt:md5,80dc2ec239cd9052c51965693cba1479",
                "multiqc_citations.txt:md5,5cbab4ecbe14049d965fd97bd61d252b",
                "multiqc_general_stats.txt:md5,cf6ec116cee25653f9112345309fcb70"
            ]
        ],
        "timestamp": "2026-03-21T23:25:54.934309843",
        "meta": {
            "nf-test": "0.9.4",
            "nextflow": "25.10.4"
        }
    }
}