{
    "sarscov2 - splitroh": {
        "content": [
            {
                "0": [
                    
                ],
                "1": [
                    
                ],
                "2": [
                    
                ],
                "roh_rg": [
                    
                ],
                "roh_st": [
                    
                ],
                "versions_gawk": [
                    
                ]
            }
        ],
        "timestamp": "2026-04-25T19:09:16.865437029",
        "meta": {
            "nf-test": "0.9.4",
            "nextflow": "25.10.4"
        }
    },
    "splitroh - stub": {
        "content": [
            {
                "0": [
                    [
                        {
                            "id": "test"
                        },
                        "test.roh.rg:md5,d41d8cd98f00b204e9800998ecf8427e"
                    ]
                ],
                "1": [
                    [
                        {
                            "id": "test"
                        },
                        "test.roh.st:md5,d41d8cd98f00b204e9800998ecf8427e"
                    ]
                ],
                "2": [
                    [
                        "SPLITROH",
                        "gawk",
                        "GNU Awk 5.3.1, API 4.0, PMA Avon 8-g1, (GNU MPFR 4.2.1, GNU MP 6.3.0)"
                    ]
                ],
                "roh_rg": [
                    [
                        {
                            "id": "test"
                        },
                        "test.roh.rg:md5,d41d8cd98f00b204e9800998ecf8427e"
                    ]
                ],
                "roh_st": [
                    [
                        {
                            "id": "test"
                        },
                        "test.roh.st:md5,d41d8cd98f00b204e9800998ecf8427e"
                    ]
                ],
                "versions_gawk": [
                    [
                        "SPLITROH",
                        "gawk",
                        "GNU Awk 5.3.1, API 4.0, PMA Avon 8-g1, (GNU MPFR 4.2.1, GNU MP 6.3.0)"
                    ]
                ]
            }
        ],
        "timestamp": "2026-04-25T19:28:33.667931696",
        "meta": {
            "nf-test": "0.9.4",
            "nextflow": "25.10.4"
        }
    },
    "sarscov2 - splitroh - stub": {
        "content": [
            {
                "0": [
                    [
                        {
                            "id": "test"
                        },
                        "test.roh.rg:md5,d41d8cd98f00b204e9800998ecf8427e"
                    ]
                ],
                "1": [
                    [
                        {
                            "id": "test"
                        },
                        "test.roh.st:md5,d41d8cd98f00b204e9800998ecf8427e"
                    ]
                ],
                "2": [
                    [
                        "SPLITROH",
                        "gawk",
                        "GNU Awk 5.3.1, API 4.0, PMA Avon 8-g1, (GNU MPFR 4.2.1, GNU MP 6.3.0)"
                    ]
                ],
                "roh_rg": [
                    [
                        {
                            "id": "test"
                        },
                        "test.roh.rg:md5,d41d8cd98f00b204e9800998ecf8427e"
                    ]
                ],
                "roh_st": [
                    [
                        {
                            "id": "test"
                        },
                        "test.roh.st:md5,d41d8cd98f00b204e9800998ecf8427e"
                    ]
                ],
                "versions_gawk": [
                    [
                        "SPLITROH",
                        "gawk",
                        "GNU Awk 5.3.1, API 4.0, PMA Avon 8-g1, (GNU MPFR 4.2.1, GNU MP 6.3.0)"
                    ]
                ]
            }
        ],
        "timestamp": "2026-04-25T19:09:25.56892061",
        "meta": {
            "nf-test": "0.9.4",
            "nextflow": "25.10.4"
        }
    },
    "splitroh": {
        "content": [
            {
                "0": [
                    [
                        {
                            "id": "test"
                        },
                        "test.roh.rg:md5,017399e4d3306184a9360886297cb719"
                    ]
                ],
                "1": [
                    [
                        {
                            "id": "test"
                        },
                        "test.roh.st:md5,ffe8c0b36150e121252d576bc62d3bf7"
                    ]
                ],
                "2": [
                    [
                        "SPLITROH",
                        "gawk",
                        "GNU Awk 5.3.1, API 4.0, PMA Avon 8-g1, (GNU MPFR 4.2.1, GNU MP 6.3.0)"
                    ]
                ],
                "roh_rg": [
                    [
                        {
                            "id": "test"
                        },
                        "test.roh.rg:md5,017399e4d3306184a9360886297cb719"
                    ]
                ],
                "roh_st": [
                    [
                        {
                            "id": "test"
                        },
                        "test.roh.st:md5,ffe8c0b36150e121252d576bc62d3bf7"
                    ]
                ],
                "versions_gawk": [
                    [
                        "SPLITROH",
                        "gawk",
                        "GNU Awk 5.3.1, API 4.0, PMA Avon 8-g1, (GNU MPFR 4.2.1, GNU MP 6.3.0)"
                    ]
                ]
            }
        ],
        "timestamp": "2026-04-25T19:28:24.444680904",
        "meta": {
            "nf-test": "0.9.4",
            "nextflow": "25.10.4"
        }
    }
}