{
    "BCFTOOLS - PLOTVCFSTATS - stub": {
        "content": [
            {
                "0": [
                    [
                        {
                            "id": "test"
                        },
                        [
                            
                        ]
                    ]
                ],
                "1": [
                    [
                        {
                            "id": "test"
                        },
                        "test.plot-vcfstats.pdf:md5,d41d8cd98f00b204e9800998ecf8427e"
                    ]
                ],
                "2": [
                    "versions.yml:md5,3b8da7ca78f46bd50f9718d94007fafc"
                ],
                "plot_dir": [
                    [
                        {
                            "id": "test"
                        },
                        [
                            
                        ]
                    ]
                ],
                "plot_pdf": [
                    [
                        {
                            "id": "test"
                        },
                        "test.plot-vcfstats.pdf:md5,d41d8cd98f00b204e9800998ecf8427e"
                    ]
                ],
                "versions": [
                    "versions.yml:md5,3b8da7ca78f46bd50f9718d94007fafc"
                ]
            }
        ],
        "meta": {
            "nf-test": "0.9.2",
            "nextflow": "25.04.6"
        },
        "timestamp": "2025-10-17T08:53:36.412379803"
    },
    "BCFTOOLS - PLOTVCFSTATS": {
        "content": [
            [
                "counts_by_af.indels.dat:md5,44cf9b4a67e1e85167605e3ac90fc0e7",
                "counts_by_af.snps.dat:md5,6abd3f37e93f0f28ef24bcc3b39fcbcf",
                "indels.0.dat:md5,c5318f17c7c15640265310d761ebc971",
                "indels.0.png:md5,d574b8613508ade91625a27da017fa21",
                "plot.py:md5,0904f780a8cf47727c17854b22fe9d17",
                "substitutions.0.png:md5,f8a85ea2ece3f8efb1c23390efd57e13",
                "tstv_by_af.0.dat:md5,714966da37c7b9d9e5893fbef3163ad4",
                "tstv_by_qual.0.dat:md5,8965c448cb8f50961d80b3a21fbed9fc"
            ]
        ],
        "meta": {
            "nf-test": "0.9.2",
            "nextflow": "25.04.6"
        },
        "timestamp": "2025-10-17T08:53:29.320908147"
    }
}